// Jest Snapshot v1, https://goo.gl/fbAQLP

exports[`Footer Comp 1`] = `
<div
  className="footer"
/>
`;

exports[`Header Comp 1`] = `
<Menu
  className="header"
  mode="horizontal"
  onClick={[Function]}
  selectedKeys={
    Array [
      "",
    ]
  }
>
  <MenuItem
    key="mail"
  >
    <Icon
      type="mail"
    />
    Navigation One
  </MenuItem>
  <MenuItem
    disabled={true}
    key="app"
  >
    <Icon
      type="appstore"
    />
    Navigation Two
  </MenuItem>
  <SubMenu
    title={
      <span
        className="submenu-title-wrapper"
      >
        <Icon
          type="setting"
        />
        Navigation Three - Submenu
      </span>
    }
  >
    <MenuItemGroup
      disabled={true}
      title="Item 1"
    >
      <MenuItem
        key="setting:1"
      >
        Option 1
      </MenuItem>
      <MenuItem
        key="setting:2"
      >
        Option 2
      </MenuItem>
    </MenuItemGroup>
    <MenuItemGroup
      disabled={true}
      title="Item 2"
    >
      <MenuItem
        key="setting:3"
      >
        Option 3
      </MenuItem>
      <MenuItem
        key="setting:4"
      >
        Option 4
      </MenuItem>
    </MenuItemGroup>
  </SubMenu>
  <MenuItem
    key="alipay"
  >
    <a
      href="https://ant.design"
      rel="noopener noreferrer"
      target="_blank"
    >
      Navigation Four - Link
    </a>
  </MenuItem>
</Menu>
`;
